// Vitest Snapshot v1

exports[`Header 1`] = `
<div>
  <header
    class="flex items-center justify-between py-3 px-4"
  >
    <div
      class="flex items-center text-2xl font-semibold"
    >
      <h1>
        A
      </h1>
    </div>
    <div
      class="flex items-center space-x-2"
    >
      <button
        class="rounded-full focus:outline-none focus:ring-2 focus:ring-neutral-500 disabled:opacity-70 enabled:hover:bg-neutral-100 px-3 py-1.5 text-sm"
      >
        Action 1
      </button>
      <span>
        Action 3
      </span>
    </div>
  </header>
</div>
`;
