// Vitest Snapshot v1

exports[`Nav 1`] = `
<div>
  <nav
    class="flex w-full divide-x divide-neutral-200 border-t border-t-neutral-200"
  >
    <a
      aria-current="page"
      class="flex flex-1 items-center justify-center px-4 py-3 text-center font-medium"
      href="/"
    >
      <div
        class="h-6 w-6"
      >
        <span />
      </div>
      <span
        class="ml-2"
      >
        A
      </span>
    </a>
    <a
      class="flex flex-1 items-center justify-center px-4 py-3 text-center font-medium"
      href="/b"
    >
      <div
        class="h-6 w-6"
      >
        <span />
      </div>
    </a>
  </nav>
</div>
`;
