// Vitest Snapshot v1

exports[`Nav 1`] = `
<div>
  <nav
    class="flex w-full border-t border-t-neutral-200 divide-x divide-neutral-200"
  >
    <a
      aria-current="page"
      class="flex-1 px-4 py-3 font-medium text-center flex items-center justify-center bg-black text-white"
      href="/"
    >
      <div
        class="h-6 w-6"
      >
        <span />
      </div>
      <span
        class="ml-2"
      >
        A
      </span>
    </a>
    <a
      class="flex-1 px-4 py-3 font-medium text-center flex items-center justify-center"
      href="/b"
    >
      <div
        class="h-6 w-6"
      >
        <span />
      </div>
      <span
        class="ml-2"
      >
        B
      </span>
    </a>
  </nav>
</div>
`;
